Component: ARM Compiler 5.06 update 7 (build 960) Tool: armlink [4d3601]

==============================================================================

Section Cross References

    bsp_bee.o(i.BeeClose) refers to drv_gpio.o(i.GpioWriteToOutputPin) for GpioWriteToOutputPin
    bsp_bee.o(i.BeeInitConfig) refers to stm32f10x_gpio.o(i.GPIO_DeInit) for GPIO_DeInit
    bsp_bee.o(i.BeeInitConfig) refers to drv_gpio.o(i.GpioPeripheralClockConfig) for GpioPeripheralClockConfig
    bsp_bee.o(i.BeeInitConfig) refers to drv_gpio.o(i.GpioConfigInit) for GpioConfigInit
    bsp_bee.o(i.BeeOpen) refers to drv_gpio.o(i.GpioWriteToOutputPin) for GpioWriteToOutputPin
    bsp_dwm1000.o(i.Dwm1000Reset) refers to drv_spi.o(i.SpiGpioInit) for SpiGpioInit
    bsp_dwm1000.o(i.Dwm1000Reset) refers to drv_gpio.o(i.GpioWriteToOutputPin) for GpioWriteToOutputPin
    bsp_dwm1000.o(i.Dwm1000SpiInitConfig) refers to drv_spi.o(i.SpiGpioInit) for SpiGpioInit
    bsp_dwm1000.o(i.Dwm1000SpiInitConfig) refers to drv_gpio.o(i.GpioWriteToOutputPin) for GpioWriteToOutputPin
    bsp_dwm1000.o(i.Dwm1000SpiInitConfig) refers to stm32f10x_spi.o(i.SPI_I2S_DeInit) for SPI_I2S_DeInit
    bsp_dwm1000.o(i.Dwm1000SpiInitConfig) refers to drv_spi.o(i.SpiParamInit) for SpiParamInit
    bsp_dwm1000.o(i.Dwm1000SpiInitConfig) refers to bsp_dwm1000.o(.bss) for .bss
    bsp_dwm1000.o(i.getTickCount) refers to app_stm32f10x_it.o(.data) for time32Incr
    com_buffermanage.o(i.BufferManageCreate) refers to com_looplist.o(i.rbCreate) for rbCreate
    com_buffermanage.o(i.BufferManageRead) refers to com_looplist.o(i.rbCanRead) for rbCanRead
    com_buffermanage.o(i.BufferManageRead) refers to com_looplist.o(i.rbRead) for rbRead
    com_buffermanage.o(i.BufferManageWrite) refers to com_looplist.o(i.rbCanWrite) for rbCanWrite
    com_buffermanage.o(i.BufferManageWrite) refers to com_looplist.o(i.PutData) for PutData
    com_looplist.o(i.PutData) refers to com_looplist.o(i.rbWrite) for rbWrite
    com_looplist.o(i.rbCanRead) refers to com_looplist.o(i.rbCapacity) for rbCapacity
    com_looplist.o(i.rbCanWrite) refers to com_looplist.o(i.rbCapacity) for rbCapacity
    com_looplist.o(i.rbCanWrite) refers to com_looplist.o(i.rbCanRead) for rbCanRead
    com_looplist.o(i.rbRead) refers to com_looplist.o(i.rbCanRead) for rbCanRead
    com_looplist.o(i.rbRead) refers to com_looplist.o(i.rbCapacity) for rbCapacity
    com_looplist.o(i.rbRead) refers to rt_memcpy_v6.o(.text) for __aeabi_memcpy
    com_looplist.o(i.rbWrite) refers to com_looplist.o(i.rbCanWrite) for rbCanWrite
    com_looplist.o(i.rbWrite) refers to com_looplist.o(i.rbCapacity) for rbCapacity
    com_looplist.o(i.rbWrite) refers to rt_memcpy_v6.o(.text) for __aeabi_memcpy
    com_multibutton.o(i.button_init) refers to rt_memclr_w.o(.text) for __aeabi_memclr4
    com_multibutton.o(i.button_start) refers to com_multibutton.o(.data) for .data
    com_multibutton.o(i.button_stop) refers to com_multibutton.o(.data) for .data
    com_multibutton.o(i.button_ticks) refers to com_multibutton.o(i.button_handler) for button_handler
    com_multibutton.o(i.button_ticks) refers to com_multibutton.o(.data) for .data
    com_multitimer.o(i.MultiTimerInstall) refers to com_multitimer.o(.data) for .data
    com_multitimer.o(i.MultiTimerStart) refers to com_multitimer.o(.data) for .data
    com_multitimer.o(i.MultiTimerStop) refers to com_multitimer.o(.data) for .data
    com_multitimer.o(i.MultiTimerYield) refers to com_multitimer.o(.data) for .data
    drv_mcu.o(i.Delay_Init) refers to misc.o(i.SysTick_CLKSourceConfig) for SysTick_CLKSourceConfig
    drv_mcu.o(i.Delay_Init) refers to system_stm32f10x.o(.data) for SystemCoreClock
    drv_mcu.o(i.Delay_Init) refers to drv_mcu.o(.data) for .data
    drv_mcu.o(i.GetSTM32MCUID) refers to _printf_percent.o(.ARM.Collect$$_printf_percent$$00000000) for _printf_percent
    drv_mcu.o(i.GetSTM32MCUID) refers to _printf_x.o(.ARM.Collect$$_printf_percent$$0000000C) for _printf_x
    drv_mcu.o(i.GetSTM32MCUID) refers to _printf_hex_int.o(.text) for _printf_longlong_hex
    drv_mcu.o(i.GetSTM32MCUID) refers to noretval__2printf.o(.text) for __2printf
    drv_mcu.o(i.GetSTM32MCUID) refers to drv_mcu.o(.data) for .data
    drv_mcu.o(i.NVIC_Configuration) refers to misc.o(i.NVIC_PriorityGroupConfig) for NVIC_PriorityGroupConfig
    drv_mcu.o(i.delay_ms) refers to drv_mcu.o(.data) for .data
    drv_mcu.o(i.delay_us) refers to drv_mcu.o(.data) for .data
    drv_gpio.o(i.GpioConfigInit) refers to stm32f10x_gpio.o(i.GPIO_Init) for GPIO_Init
    drv_gpio.o(i.GpioPeripheralClockConfig) refers to stm32f10x_rcc.o(i.RCC_APB2PeriphClockCmd) for RCC_APB2PeriphClockCmd
    drv_uart.o(i.USART1_IRQHandler) refers to stm32f10x_usart.o(i.USART_GetITStatus) for USART_GetITStatus
    drv_uart.o(i.USART1_IRQHandler) refers to stm32f10x_usart.o(i.USART_ReceiveData) for USART_ReceiveData
    drv_uart.o(i.USART1_IRQHandler) refers to com_looplist.o(i.PutData) for PutData
    drv_uart.o(i.USART1_IRQHandler) refers to com_looplist.o(i.rbCanRead) for rbCanRead
    drv_uart.o(i.USART1_IRQHandler) refers to com_looplist.o(i.rbRead) for rbRead
    drv_uart.o(i.USART1_IRQHandler) refers to stm32f10x_usart.o(i.USART_SendData) for USART_SendData
    drv_uart.o(i.USART1_IRQHandler) refers to stm32f10x_usart.o(i.USART_ClearITPendingBit) for USART_ClearITPendingBit
    drv_uart.o(i.USART1_IRQHandler) refers to stm32f10x_usart.o(i.USART_ITConfig) for USART_ITConfig
    drv_uart.o(i.USART1_IRQHandler) refers to drv_uart.o(.data) for .data
    drv_uart.o(i.USART1_IRQHandler) refers to drv_uart.o(.bss) for .bss
    drv_uart.o(i.Uart_Init) refers to com_looplist.o(i.rbCreate) for rbCreate
    drv_uart.o(i.Uart_Init) refers to stm32f10x_rcc.o(i.RCC_APB1PeriphClockCmd) for RCC_APB1PeriphClockCmd
    drv_uart.o(i.Uart_Init) refers to stm32f10x_rcc.o(i.RCC_APB2PeriphClockCmd) for RCC_APB2PeriphClockCmd
    drv_uart.o(i.Uart_Init) refers to stm32f10x_gpio.o(i.GPIO_Init) for GPIO_Init
    drv_uart.o(i.Uart_Init) refers to stm32f10x_usart.o(i.USART_Init) for USART_Init
    drv_uart.o(i.Uart_Init) refers to misc.o(i.NVIC_Init) for NVIC_Init
    drv_uart.o(i.Uart_Init) refers to stm32f10x_usart.o(i.USART_ITConfig) for USART_ITConfig
    drv_uart.o(i.Uart_Init) refers to stm32f10x_usart.o(i.USART_Cmd) for USART_Cmd
    drv_uart.o(i.Uart_Init) refers to drv_uart.o(.bss) for .bss
    drv_uart.o(i.UsartOutChar) refers to stm32f10x_usart.o(i.USART_SendData) for USART_SendData
    drv_uart.o(i.UsartOutChar) refers to stm32f10x_usart.o(i.USART_GetFlagStatus) for USART_GetFlagStatus
    drv_uart.o(i.UsartOutStr) refers to stm32f10x_usart.o(i.USART_SendData) for USART_SendData
    drv_uart.o(i.UsartOutStr) refers to stm32f10x_usart.o(i.USART_GetFlagStatus) for USART_GetFlagStatus
    drv_uart.o(i.UsartOutStrIT) refers to com_looplist.o(i.PutData) for PutData
    drv_uart.o(i.UsartOutStrIT) refers to stm32f10x_usart.o(i.USART_ITConfig) for USART_ITConfig
    drv_uart.o(i.UsartOutStrIT) refers to drv_uart.o(.bss) for .bss
    drv_uart.o(i.fputc) refers to stm32f10x_usart.o(i.USART_ClearITPendingBit) for USART_ClearITPendingBit
    drv_uart.o(i.fputc) refers to com_looplist.o(i.PutData) for PutData
    drv_uart.o(i.fputc) refers to stm32f10x_usart.o(i.USART_ITConfig) for USART_ITConfig
    drv_uart.o(i.fputc) refers to drv_uart.o(.data) for .data
    drv_uart.o(i.fputc) refers to drv_uart.o(.bss) for .bss
    drv_timer.o(i.TIM2_IRQHandler) refers to stm32f10x_tim.o(i.TIM_GetITStatus) for TIM_GetITStatus
    drv_timer.o(i.TIM2_IRQHandler) refers to stm32f10x_tim.o(i.TIM_ClearITPendingBit) for TIM_ClearITPendingBit
    drv_timer.o(i.TIM2_IRQHandler) refers to drv_timer.o(.data) for .data
    drv_timer.o(i.Timer2_Config) refers to stm32f10x_rcc.o(i.RCC_APB1PeriphClockCmd) for RCC_APB1PeriphClockCmd
    drv_timer.o(i.Timer2_Config) refers to misc.o(i.NVIC_Init) for NVIC_Init
    drv_timer.o(i.Timer2_Config) refers to stm32f10x_tim.o(i.TIM_DeInit) for TIM_DeInit
    drv_timer.o(i.Timer2_Config) refers to stm32f10x_tim.o(i.TIM_TimeBaseInit) for TIM_TimeBaseInit
    drv_timer.o(i.Timer2_Config) refers to stm32f10x_tim.o(i.TIM_ClearITPendingBit) for TIM_ClearITPendingBit
    drv_timer.o(i.Timer2_Config) refers to stm32f10x_tim.o(i.TIM_Cmd) for TIM_Cmd
    drv_timer.o(i.Timer2_Config) refers to stm32f10x_tim.o(i.TIM_ITConfig) for TIM_ITConfig
    drv_spi.o(i.SPIReadData) refers to stm32f10x_spi.o(i.SPI_I2S_GetFlagStatus) for SPI_I2S_GetFlagStatus
    drv_spi.o(i.SpiGpioInit) refers to drv_gpio.o(i.GpioConfigInit) for GpioConfigInit
    drv_spi.o(i.SpiParamInit) refers to stm32f10x_spi.o(i.SPI_Init) for SPI_Init
    drv_spi.o(i.SpiParamInit) refers to stm32f10x_spi.o(i.SPI_Cmd) for SPI_Cmd
    drv_spi.o(i.SpiPeripheralClockConfig) refers to stm32f10x_rcc.o(i.RCC_APB2PeriphClockCmd) for RCC_APB2PeriphClockCmd
    drv_spi.o(i.SpiPeripheralClockConfig) refers to stm32f10x_rcc.o(i.RCC_APB1PeriphClockCmd) for RCC_APB1PeriphClockCmd
    drv_spi.o(i.SpiSendData) refers to stm32f10x_spi.o(i.SPI_I2S_GetFlagStatus) for SPI_I2S_GetFlagStatus
    drv_iwdg.o(i.IWDG_Feed) refers to stm32f10x_iwdg.o(i.IWDG_ReloadCounter) for IWDG_ReloadCounter
    drv_iwdg.o(i.IWDG_Init) refers to stm32f10x_iwdg.o(i.IWDG_WriteAccessCmd) for IWDG_WriteAccessCmd
    drv_iwdg.o(i.IWDG_Init) refers to stm32f10x_iwdg.o(i.IWDG_SetPrescaler) for IWDG_SetPrescaler
    drv_iwdg.o(i.IWDG_Init) refers to stm32f10x_iwdg.o(i.IWDG_SetReload) for IWDG_SetReload
    drv_iwdg.o(i.IWDG_Init) refers to stm32f10x_iwdg.o(i.IWDG_ReloadCounter) for IWDG_ReloadCounter
    drv_iwdg.o(i.IWDG_Init) refers to stm32f10x_iwdg.o(i.IWDG_Enable) for IWDG_Enable
    deca_device.o(i._dwt_aonarrayupload) refers to deca_device.o(i.dwt_writetodevice) for dwt_writetodevice
    deca_device.o(i._dwt_aonconfigupload) refers to deca_device.o(i.dwt_writetodevice) for dwt_writetodevice
    deca_device.o(i._dwt_configlde) refers to deca_device.o(i.dwt_writetodevice) for dwt_writetodevice
    deca_device.o(i._dwt_configlde) refers to deca_device.o(i.dwt_write16bitoffsetreg) for dwt_write16bitoffsetreg
    deca_device.o(i._dwt_disablesequencing) refers to deca_device.o(i._dwt_enableclocks) for _dwt_enableclocks
    deca_device.o(i._dwt_disablesequencing) refers to deca_device.o(i.dwt_write16bitoffsetreg) for dwt_write16bitoffsetreg
    deca_device.o(i._dwt_enableclocks) refers to deca_device.o(i.dwt_readfromdevice) for dwt_readfromdevice
    deca_device.o(i._dwt_enableclocks) refers to deca_device.o(i.dwt_writetodevice) for dwt_writetodevice
    deca_device.o(i._dwt_loaducodefromrom) refers to deca_device.o(i.dwt_writetodevice) for dwt_writetodevice
    deca_device.o(i._dwt_loaducodefromrom) refers to deca_device.o(i.dwt_write16bitoffsetreg) for dwt_write16bitoffsetreg
    deca_device.o(i._dwt_loaducodefromrom) refers to deca_sleep.o(i.deca_sleep) for deca_sleep
    deca_device.o(i._dwt_loaducodefromrom) refers to deca_device.o(i._dwt_enableclocks) for _dwt_enableclocks
    deca_device.o(i._dwt_otpprogword32) refers to deca_device.o(i.dwt_readfromdevice) for dwt_readfromdevice
    deca_device.o(i._dwt_otpprogword32) refers to deca_device.o(i.dwt_writetodevice) for dwt_writetodevice
    deca_device.o(i._dwt_otpprogword32) refers to deca_sleep.o(i.deca_sleep) for deca_sleep
    deca_device.o(i._dwt_otpread) refers to deca_device.o(i.dwt_writetodevice) for dwt_writetodevice
    deca_device.o(i._dwt_otpread) refers to deca_device.o(i.dwt_read32bitoffsetreg) for dwt_read32bitoffsetreg
    deca_device.o(i._dwt_otpsetmrregs) refers to deca_device.o(i.dwt_writetodevice) for dwt_writetodevice
    deca_device.o(i._dwt_otpsetmrregs) refers to deca_sleep.o(i.deca_sleep) for deca_sleep
    deca_device.o(i._dwt_otpsetmrregs) refers to deca_device.o(i.dwt_readfromdevice) for dwt_readfromdevice
    deca_device.o(i.dwt_calibratesleepcnt) refers to deca_device.o(i.dwt_writetodevice) for dwt_writetodevice
    deca_device.o(i.dwt_calibratesleepcnt) refers to deca_device.o(i._dwt_aonconfigupload) for _dwt_aonconfigupload
    deca_device.o(i.dwt_calibratesleepcnt) refers to deca_sleep.o(i.deca_sleep) for deca_sleep
    deca_device.o(i.dwt_calibratesleepcnt) refers to deca_device.o(i.dwt_readfromdevice) for dwt_readfromdevice
    deca_device.o(i.dwt_checkIRQ) refers to deca_device.o(i.dwt_readfromdevice) for dwt_readfromdevice
    deca_device.o(i.dwt_checkoverrun) refers to deca_device.o(i.dwt_read16bitoffsetreg) for dwt_read16bitoffsetreg
    deca_device.o(i.dwt_configcontinuousframemode) refers to deca_device.o(i._dwt_disablesequencing) for _dwt_disablesequencing
    deca_device.o(i.dwt_configcontinuousframemode) refers to deca_device.o(i.dwt_write32bitoffsetreg) for dwt_write32bitoffsetreg
    deca_device.o(i.dwt_configcontinuousframemode) refers to deca_device.o(i._dwt_enableclocks) for _dwt_enableclocks
    deca_device.o(i.dwt_configcontinuousframemode) refers to deca_device.o(i.dwt_writetodevice) for dwt_writetodevice
    deca_device.o(i.dwt_configcwmode) refers to deca_device.o(i._dwt_disablesequencing) for _dwt_disablesequencing
    deca_device.o(i.dwt_configcwmode) refers to deca_device.o(i.dwt_writetodevice) for dwt_writetodevice
    deca_device.o(i.dwt_configcwmode) refers to deca_device.o(i.dwt_write32bitoffsetreg) for dwt_write32bitoffsetreg
    deca_device.o(i.dwt_configcwmode) refers to deca_device.o(i.dwt_write16bitoffsetreg) for dwt_write16bitoffsetreg
    deca_device.o(i.dwt_configcwmode) refers to deca_params_init.o(.constdata) for chan_idx
    deca_device.o(i.dwt_configcwmode) refers to deca_params_init.o(.constdata) for pll2_config
    deca_device.o(i.dwt_configcwmode) refers to deca_params_init.o(.constdata) for tx_config
    deca_device.o(i.dwt_configeventcounters) refers to deca_device.o(i.dwt_writetodevice) for dwt_writetodevice
    deca_device.o(i.dwt_configure) refers to deca_device.o(i.dwt_write32bitoffsetreg) for dwt_write32bitoffsetreg
    deca_device.o(i.dwt_configure) refers to deca_device.o(i.dwt_write16bitoffsetreg) for dwt_write16bitoffsetreg
    deca_device.o(i.dwt_configure) refers to deca_device.o(i._dwt_configlde) for _dwt_configlde
    deca_device.o(i.dwt_configure) refers to deca_device.o(i.dwt_writetodevice) for dwt_writetodevice
    deca_device.o(i.dwt_configure) refers to deca_params_init.o(.constdata) for lde_replicaCoeff
    deca_device.o(i.dwt_configure) refers to deca_device.o(.bss) for .bss
    deca_device.o(i.dwt_configure) refers to deca_params_init.o(.constdata) for chan_idx
    deca_device.o(i.dwt_configure) refers to deca_params_init.o(.constdata) for pll2_config
    deca_device.o(i.dwt_configure) refers to deca_params_init.o(.constdata) for rx_config
    deca_device.o(i.dwt_configure) refers to deca_params_init.o(.constdata) for tx_config
    deca_device.o(i.dwt_configure) refers to deca_params_init.o(.constdata) for sftsh
    deca_device.o(i.dwt_configure) refers to deca_params_init.o(.constdata) for dtune1
    deca_device.o(i.dwt_configure) refers to deca_params_init.o(.constdata) for digital_bb_config
    deca_device.o(i.dwt_configure) refers to deca_params_init.o(.constdata) for agc_config
    deca_device.o(i.dwt_configure) refers to deca_params_init.o(.constdata) for dwnsSFDlen
    deca_device.o(i.dwt_configuresleep) refers to deca_device.o(i.dwt_write16bitoffsetreg) for dwt_write16bitoffsetreg
    deca_device.o(i.dwt_configuresleep) refers to deca_device.o(i.dwt_writetodevice) for dwt_writetodevice
    deca_device.o(i.dwt_configuresleep) refers to deca_device.o(.bss) for .bss
    deca_device.o(i.dwt_configuresleepcnt) refers to deca_device.o(i.dwt_writetodevice) for dwt_writetodevice
    deca_device.o(i.dwt_configuresleepcnt) refers to deca_device.o(i._dwt_aonconfigupload) for _dwt_aonconfigupload
    deca_device.o(i.dwt_configuretxrf) refers to deca_device.o(i.dwt_writetodevice) for dwt_writetodevice
    deca_device.o(i.dwt_configuretxrf) refers to deca_device.o(i.dwt_write32bitoffsetreg) for dwt_write32bitoffsetreg
    deca_device.o(i.dwt_enableautoack) refers to deca_device.o(i.dwt_write16bitoffsetreg) for dwt_write16bitoffsetreg
    deca_device.o(i.dwt_enableautoack) refers to deca_device.o(i.dwt_write32bitoffsetreg) for dwt_write32bitoffsetreg
    deca_device.o(i.dwt_enableautoack) refers to deca_device.o(.bss) for .bss
    deca_device.o(i.dwt_enableframefilter) refers to deca_device.o(i.dwt_read32bitoffsetreg) for dwt_read32bitoffsetreg
    deca_device.o(i.dwt_enableframefilter) refers to deca_device.o(i.dwt_write32bitoffsetreg) for dwt_write32bitoffsetreg
    deca_device.o(i.dwt_enableframefilter) refers to deca_device.o(.bss) for .bss
    deca_device.o(i.dwt_entersleep) refers to deca_device.o(i._dwt_aonarrayupload) for _dwt_aonarrayupload
    deca_device.o(i.dwt_entersleepaftertx) refers to deca_device.o(i.dwt_read32bitoffsetreg) for dwt_read32bitoffsetreg
    deca_device.o(i.dwt_entersleepaftertx) refers to deca_device.o(i.dwt_write32bitoffsetreg) for dwt_write32bitoffsetreg
    deca_device.o(i.dwt_forcetrxoff) refers to deca_device.o(i.dwt_read32bitoffsetreg) for dwt_read32bitoffsetreg
    deca_device.o(i.dwt_forcetrxoff) refers to deca_mutex.o(i.decamutexon) for decamutexon
    deca_device.o(i.dwt_forcetrxoff) refers to deca_device.o(i.dwt_write32bitoffsetreg) for dwt_write32bitoffsetreg
    deca_device.o(i.dwt_forcetrxoff) refers to deca_device.o(i.dwt_writetodevice) for dwt_writetodevice
    deca_device.o(i.dwt_forcetrxoff) refers to deca_device.o(i.dwt_syncrxbufptrs) for dwt_syncrxbufptrs
    deca_device.o(i.dwt_forcetrxoff) refers to deca_mutex.o(i.decamutexoff) for decamutexoff
    deca_device.o(i.dwt_forcetrxoff) refers to deca_device.o(.bss) for .bss
    deca_device.o(i.dwt_geteui) refers to deca_device.o(i.dwt_readfromdevice) for dwt_readfromdevice
    deca_device.o(i.dwt_getlotid) refers to deca_device.o(.bss) for .bss
    deca_device.o(i.dwt_getpartid) refers to deca_device.o(.bss) for .bss
    deca_device.o(i.dwt_initialise) refers to deca_device.o(i.dwt_readdevid) for dwt_readdevid
    deca_device.o(i.dwt_initialise) refers to deca_device.o(i._dwt_enableclocks) for _dwt_enableclocks
    deca_device.o(i.dwt_initialise) refers to deca_device.o(i.dwt_write32bitoffsetreg) for dwt_write32bitoffsetreg
    deca_device.o(i.dwt_initialise) refers to deca_device.o(i.dwt_writetodevice) for dwt_writetodevice
    deca_device.o(i.dwt_initialise) refers to deca_device.o(i._dwt_otpread) for _dwt_otpread
    deca_device.o(i.dwt_initialise) refers to deca_device.o(i.dwt_xtaltrim) for dwt_xtaltrim
    deca_device.o(i.dwt_initialise) refers to deca_device.o(i._dwt_loaducodefromrom) for _dwt_loaducodefromrom
    deca_device.o(i.dwt_initialise) refers to deca_device.o(i.dwt_read16bitoffsetreg) for dwt_read16bitoffsetreg
    deca_device.o(i.dwt_initialise) refers to deca_device.o(i.dwt_write16bitoffsetreg) for dwt_write16bitoffsetreg
    deca_device.o(i.dwt_initialise) refers to deca_device.o(i.dwt_read32bitoffsetreg) for dwt_read32bitoffsetreg
    deca_device.o(i.dwt_initialise) refers to deca_device.o(.bss) for .bss
    deca_device.o(i.dwt_isr) refers to deca_device.o(i.dwt_read32bitoffsetreg) for dwt_read32bitoffsetreg
    deca_device.o(i.dwt_isr) refers to deca_device.o(i.dwt_forcetrxoff) for dwt_forcetrxoff
    deca_device.o(i.dwt_isr) refers to deca_device.o(i.dwt_rxreset) for dwt_rxreset
    deca_device.o(i.dwt_isr) refers to deca_device.o(i.dwt_write16bitoffsetreg) for dwt_write16bitoffsetreg
    deca_device.o(i.dwt_isr) refers to deca_device.o(i.dwt_read16bitoffsetreg) for dwt_read16bitoffsetreg
    deca_device.o(i.dwt_isr) refers to deca_device.o(i.dwt_readfromdevice) for dwt_readfromdevice
    deca_device.o(i.dwt_isr) refers to deca_device.o(i.dwt_write32bitoffsetreg) for dwt_write32bitoffsetreg
    deca_device.o(i.dwt_isr) refers to deca_device.o(i.dwt_checkoverrun) for dwt_checkoverrun
    deca_device.o(i.dwt_isr) refers to deca_device.o(i.dwt_writetodevice) for dwt_writetodevice
    deca_device.o(i.dwt_isr) refers to deca_device.o(.bss) for .bss
    deca_device.o(i.dwt_loadopsettabfromotp) refers to deca_device.o(i.dwt_writetodevice) for dwt_writetodevice
    deca_device.o(i.dwt_loadopsettabfromotp) refers to deca_device.o(i.dwt_write16bitoffsetreg) for dwt_write16bitoffsetreg
    deca_device.o(i.dwt_loadopsettabfromotp) refers to deca_device.o(i._dwt_enableclocks) for _dwt_enableclocks
    deca_device.o(i.dwt_otpread) refers to deca_device.o(i._dwt_enableclocks) for _dwt_enableclocks
    deca_device.o(i.dwt_otpread) refers to deca_device.o(i._dwt_otpread) for _dwt_otpread
    deca_device.o(i.dwt_otprevision) refers to deca_device.o(.bss) for .bss
    deca_device.o(i.dwt_otpwriteandverify) refers to deca_device.o(i._dwt_enableclocks) for _dwt_enableclocks
    deca_device.o(i.dwt_otpwriteandverify) refers to deca_device.o(i._dwt_otpsetmrregs) for _dwt_otpsetmrregs
    deca_device.o(i.dwt_otpwriteandverify) refers to deca_device.o(i._dwt_otpprogword32) for _dwt_otpprogword32
    deca_device.o(i.dwt_otpwriteandverify) refers to deca_device.o(i._dwt_otpread) for _dwt_otpread
    deca_device.o(i.dwt_read16bitoffsetreg) refers to deca_device.o(i.dwt_readfromdevice) for dwt_readfromdevice
    deca_device.o(i.dwt_read32bitoffsetreg) refers to deca_device.o(i.dwt_readfromdevice) for dwt_readfromdevice
    deca_device.o(i.dwt_readaccdata) refers to deca_device.o(i._dwt_enableclocks) for _dwt_enableclocks
    deca_device.o(i.dwt_readaccdata) refers to deca_device.o(i.dwt_readfromdevice) for dwt_readfromdevice
    deca_device.o(i.dwt_readdevid) refers to deca_device.o(i.dwt_read32bitoffsetreg) for dwt_read32bitoffsetreg
    deca_device.o(i.dwt_readdiagnostics) refers to deca_device.o(i.dwt_read16bitoffsetreg) for dwt_read16bitoffsetreg
    deca_device.o(i.dwt_readdiagnostics) refers to deca_device.o(i.dwt_readfromdevice) for dwt_readfromdevice
    deca_device.o(i.dwt_readdiagnostics) refers to deca_device.o(i.dwt_read32bitoffsetreg) for dwt_read32bitoffsetreg
    deca_device.o(i.dwt_readeventcounters) refers to deca_device.o(i.dwt_read32bitoffsetreg) for dwt_read32bitoffsetreg
    deca_device.o(i.dwt_readrxdata) refers to deca_device.o(i.dwt_readfromdevice) for dwt_readfromdevice
    deca_device.o(i.dwt_readrxtimestamp) refers to deca_device.o(i.dwt_readfromdevice) for dwt_readfromdevice
    deca_device.o(i.dwt_readrxtimestamphi32) refers to deca_device.o(i.dwt_read32bitoffsetreg) for dwt_read32bitoffsetreg
    deca_device.o(i.dwt_readrxtimestamplo32) refers to deca_device.o(i.dwt_read32bitoffsetreg) for dwt_read32bitoffsetreg
    deca_device.o(i.dwt_readsystime) refers to deca_device.o(i.dwt_readfromdevice) for dwt_readfromdevice
    deca_device.o(i.dwt_readsystimestamphi32) refers to deca_device.o(i.dwt_read32bitoffsetreg) for dwt_read32bitoffsetreg
    deca_device.o(i.dwt_readtempvbat) refers to deca_device.o(i.dwt_writetodevice) for dwt_writetodevice
    deca_device.o(i.dwt_readtempvbat) refers to deca_device.o(i._dwt_enableclocks) for _dwt_enableclocks
    deca_device.o(i.dwt_readtempvbat) refers to deca_device.o(i.dwt_readfromdevice) for dwt_readfromdevice
    deca_device.o(i.dwt_readtempvbat) refers to deca_sleep.o(i.deca_sleep) for deca_sleep
    deca_device.o(i.dwt_readtxtimestamp) refers to deca_device.o(i.dwt_readfromdevice) for dwt_readfromdevice
    deca_device.o(i.dwt_readtxtimestamphi32) refers to deca_device.o(i.dwt_read32bitoffsetreg) for dwt_read32bitoffsetreg
    deca_device.o(i.dwt_readtxtimestamplo32) refers to deca_device.o(i.dwt_read32bitoffsetreg) for dwt_read32bitoffsetreg
    deca_device.o(i.dwt_readwakeuptemp) refers to deca_device.o(i.dwt_readfromdevice) for dwt_readfromdevice
    deca_device.o(i.dwt_readwakeupvbat) refers to deca_device.o(i.dwt_readfromdevice) for dwt_readfromdevice
    deca_device.o(i.dwt_rxenable) refers to deca_device.o(i.dwt_syncrxbufptrs) for dwt_syncrxbufptrs
    deca_device.o(i.dwt_rxenable) refers to deca_device.o(i.dwt_write16bitoffsetreg) for dwt_write16bitoffsetreg
    deca_device.o(i.dwt_rxenable) refers to deca_device.o(i.dwt_readfromdevice) for dwt_readfromdevice
    deca_device.o(i.dwt_rxenable) refers to deca_device.o(i.dwt_forcetrxoff) for dwt_forcetrxoff
    deca_device.o(i.dwt_rxreset) refers to deca_device.o(i.dwt_writetodevice) for dwt_writetodevice
    deca_device.o(i.dwt_setGPIOdirection) refers to deca_device.o(i.dwt_writetodevice) for dwt_writetodevice
    deca_device.o(i.dwt_setGPIOforEXTTRX) refers to deca_device.o(i.dwt_readfromdevice) for dwt_readfromdevice
    deca_device.o(i.dwt_setGPIOforEXTTRX) refers to deca_device.o(i.dwt_writetodevice) for dwt_writetodevice
    deca_device.o(i.dwt_setGPIOvalue) refers to deca_device.o(i.dwt_writetodevice) for dwt_writetodevice
    deca_device.o(i.dwt_setaddress16) refers to deca_device.o(i.dwt_write16bitoffsetreg) for dwt_write16bitoffsetreg
    deca_device.o(i.dwt_setautorxreenable) refers to deca_device.o(i.dwt_writetodevice) for dwt_writetodevice
    deca_device.o(i.dwt_setautorxreenable) refers to deca_device.o(.bss) for .bss
    deca_device.o(i.dwt_setcallbacks) refers to deca_device.o(.bss) for .bss
    deca_device.o(i.dwt_setdblrxbuffmode) refers to deca_device.o(i.dwt_write32bitoffsetreg) for dwt_write32bitoffsetreg
    deca_device.o(i.dwt_setdblrxbuffmode) refers to deca_device.o(.bss) for .bss
    deca_device.o(i.dwt_setdelayedtrxtime) refers to deca_device.o(i.dwt_write32bitoffsetreg) for dwt_write32bitoffsetreg
    deca_device.o(i.dwt_seteui) refers to deca_device.o(i.dwt_writetodevice) for dwt_writetodevice
    deca_device.o(i.dwt_setinterrupt) refers to deca_mutex.o(i.decamutexon) for decamutexon
    deca_device.o(i.dwt_setinterrupt) refers to deca_device.o(i.dwt_read32bitoffsetreg) for dwt_read32bitoffsetreg
    deca_device.o(i.dwt_setinterrupt) refers to deca_device.o(i.dwt_write32bitoffsetreg) for dwt_write32bitoffsetreg
    deca_device.o(i.dwt_setinterrupt) refers to deca_mutex.o(i.decamutexoff) for decamutexoff
    deca_device.o(i.dwt_setleds) refers to deca_device.o(i.dwt_readfromdevice) for dwt_readfromdevice
    deca_device.o(i.dwt_setleds) refers to deca_device.o(i.dwt_writetodevice) for dwt_writetodevice
    deca_device.o(i.dwt_setpanid) refers to deca_device.o(i.dwt_write16bitoffsetreg) for dwt_write16bitoffsetreg
    deca_device.o(i.dwt_setpreambledetecttimeout) refers to deca_device.o(i.dwt_write16bitoffsetreg) for dwt_write16bitoffsetreg
    deca_device.o(i.dwt_setrxaftertxdelay) refers to deca_device.o(i.dwt_read32bitoffsetreg) for dwt_read32bitoffsetreg
    deca_device.o(i.dwt_setrxaftertxdelay) refers to deca_device.o(i.dwt_write32bitoffsetreg) for dwt_write32bitoffsetreg
    deca_device.o(i.dwt_setrxantennadelay) refers to deca_device.o(i.dwt_write16bitoffsetreg) for dwt_write16bitoffsetreg
    deca_device.o(i.dwt_setrxmode) refers to deca_device.o(i.dwt_write16bitoffsetreg) for dwt_write16bitoffsetreg
    deca_device.o(i.dwt_setrxtimeout) refers to deca_device.o(i.dwt_readfromdevice) for dwt_readfromdevice
    deca_device.o(i.dwt_setrxtimeout) refers to deca_device.o(i.dwt_write16bitoffsetreg) for dwt_write16bitoffsetreg
    deca_device.o(i.dwt_setrxtimeout) refers to deca_device.o(i.dwt_writetodevice) for dwt_writetodevice
    deca_device.o(i.dwt_setrxtimeout) refers to deca_device.o(.bss) for .bss
    deca_device.o(i.dwt_setsmarttxpower) refers to deca_device.o(i.dwt_read32bitoffsetreg) for dwt_read32bitoffsetreg
    deca_device.o(i.dwt_setsmarttxpower) refers to deca_device.o(i.dwt_write32bitoffsetreg) for dwt_write32bitoffsetreg
    deca_device.o(i.dwt_setsmarttxpower) refers to deca_device.o(.bss) for .bss
    deca_device.o(i.dwt_settxantennadelay) refers to deca_device.o(i.dwt_write16bitoffsetreg) for dwt_write16bitoffsetreg
    deca_device.o(i.dwt_softreset) refers to deca_device.o(i._dwt_disablesequencing) for _dwt_disablesequencing
    deca_device.o(i.dwt_softreset) refers to deca_device.o(i.dwt_write16bitoffsetreg) for dwt_write16bitoffsetreg
    deca_device.o(i.dwt_softreset) refers to deca_device.o(i.dwt_writetodevice) for dwt_writetodevice
    deca_device.o(i.dwt_softreset) refers to deca_device.o(i._dwt_aonarrayupload) for _dwt_aonarrayupload
    deca_device.o(i.dwt_softreset) refers to deca_device.o(i.dwt_readfromdevice) for dwt_readfromdevice
    deca_device.o(i.dwt_softreset) refers to deca_sleep.o(i.deca_sleep) for deca_sleep
    deca_device.o(i.dwt_softreset) refers to deca_device.o(.bss) for .bss
    deca_device.o(i.dwt_spicswakeup) refers to deca_device.o(i.dwt_readdevid) for dwt_readdevid
    deca_device.o(i.dwt_spicswakeup) refers to deca_device.o(i.dwt_readfromdevice) for dwt_readfromdevice
    deca_device.o(i.dwt_spicswakeup) refers to deca_sleep.o(i.deca_sleep) for deca_sleep
    deca_device.o(i.dwt_starttx) refers to deca_device.o(i.dwt_writetodevice) for dwt_writetodevice
    deca_device.o(i.dwt_starttx) refers to deca_device.o(i.dwt_read16bitoffsetreg) for dwt_read16bitoffsetreg
    deca_device.o(i.dwt_starttx) refers to deca_device.o(i.dwt_entersleepaftertx) for dwt_entersleepaftertx
    deca_device.o(i.dwt_starttx) refers to deca_device.o(.bss) for .bss
    deca_device.o(i.dwt_syncrxbufptrs) refers to deca_device.o(i.dwt_readfromdevice) for dwt_readfromdevice
    deca_device.o(i.dwt_syncrxbufptrs) refers to deca_device.o(i.dwt_writetodevice) for dwt_writetodevice
    deca_device.o(i.dwt_write16bitoffsetreg) refers to deca_device.o(i.dwt_writetodevice) for dwt_writetodevice
    deca_device.o(i.dwt_write32bitoffsetreg) refers to deca_device.o(i.dwt_writetodevice) for dwt_writetodevice
    deca_device.o(i.dwt_writetxdata) refers to deca_device.o(i.dwt_writetodevice) for dwt_writetodevice
    deca_device.o(i.dwt_writetxfctrl) refers to deca_device.o(i.dwt_write32bitoffsetreg) for dwt_write32bitoffsetreg
    deca_device.o(i.dwt_writetxfctrl) refers to deca_device.o(.bss) for .bss
    deca_device.o(i.dwt_xtaltrim) refers to deca_device.o(i.dwt_readfromdevice) for dwt_readfromdevice
    deca_device.o(i.dwt_xtaltrim) refers to deca_device.o(i.dwt_writetodevice) for dwt_writetodevice
    deca_range_tables.o(i.dwt_getrangebias) refers to f2d.o(x$fpl$f2d) for __aeabi_f2d
    deca_range_tables.o(i.dwt_getrangebias) refers to scalbn.o(x$fpl$scalbn) for __ARM_scalbn
    deca_range_tables.o(i.dwt_getrangebias) refers to dfix.o(x$fpl$dfix) for __aeabi_d2iz
    deca_range_tables.o(i.dwt_getrangebias) refers to fflt_clz.o(x$fpl$fflt) for __aeabi_i2f
    deca_range_tables.o(i.dwt_getrangebias) refers to dmul.o(x$fpl$dmul) for __aeabi_dmul
    deca_range_tables.o(i.dwt_getrangebias) refers to deca_range_tables.o(.constdata) for .constdata
    deca_sleep.o(i.deca_sleep) refers to bsp_dwm1000.o(i.getTickCount) for getTickCount
    stm32f10x_adc.o(i.ADC_DeInit) refers to stm32f10x_rcc.o(i.RCC_APB2PeriphResetCmd) for RCC_APB2PeriphResetCmd
    stm32f10x_bkp.o(i.BKP_DeInit) refers to stm32f10x_rcc.o(i.RCC_BackupResetCmd) for RCC_BackupResetCmd
    stm32f10x_can.o(i.CAN_DeInit) refers to stm32f10x_rcc.o(i.RCC_APB1PeriphResetCmd) for RCC_APB1PeriphResetCmd
    stm32f10x_can.o(i.CAN_GetITStatus) refers to stm32f10x_can.o(i.CheckITStatus) for CheckITStatus
    stm32f10x_cec.o(i.CEC_DeInit) refers to stm32f10x_rcc.o(i.RCC_APB1PeriphResetCmd) for RCC_APB1PeriphResetCmd
    stm32f10x_dac.o(i.DAC_DeInit) refers to stm32f10x_rcc.o(i.RCC_APB1PeriphResetCmd) for RCC_APB1PeriphResetCmd
    stm32f10x_flash.o(i.FLASH_EnableWriteProtection) refers to stm32f10x_flash.o(i.FLASH_WaitForLastOperation) for FLASH_WaitForLastOperation
    stm32f10x_flash.o(i.FLASH_EraseAllBank1Pages) refers to stm32f10x_flash.o(i.FLASH_WaitForLastBank1Operation) for FLASH_WaitForLastBank1Operation
    stm32f10x_flash.o(i.FLASH_EraseAllPages) refers to stm32f10x_flash.o(i.FLASH_WaitForLastOperation) for FLASH_WaitForLastOperation
    stm32f10x_flash.o(i.FLASH_EraseOptionBytes) refers to stm32f10x_flash.o(i.FLASH_GetReadOutProtectionStatus) for FLASH_GetReadOutProtectionStatus
    stm32f10x_flash.o(i.FLASH_EraseOptionBytes) refers to stm32f10x_flash.o(i.FLASH_WaitForLastOperation) for FLASH_WaitForLastOperation
    stm32f10x_flash.o(i.FLASH_ErasePage) refers to stm32f10x_flash.o(i.FLASH_WaitForLastOperation) for FLASH_WaitForLastOperation
    stm32f10x_flash.o(i.FLASH_ProgramHalfWord) refers to stm32f10x_flash.o(i.FLASH_WaitForLastOperation) for FLASH_WaitForLastOperation
    stm32f10x_flash.o(i.FLASH_ProgramOptionByteData) refers to stm32f10x_flash.o(i.FLASH_WaitForLastOperation) for FLASH_WaitForLastOperation
    stm32f10x_flash.o(i.FLASH_ProgramWord) refers to stm32f10x_flash.o(i.FLASH_WaitForLastOperation) for FLASH_WaitForLastOperation
    stm32f10x_flash.o(i.FLASH_ReadOutProtection) refers to stm32f10x_flash.o(i.FLASH_WaitForLastOperation) for FLASH_WaitForLastOperation
    stm32f10x_flash.o(i.FLASH_UserOptionByteConfig) refers to stm32f10x_flash.o(i.FLASH_WaitForLastOperation) for FLASH_WaitForLastOperation
    stm32f10x_flash.o(i.FLASH_WaitForLastBank1Operation) refers to stm32f10x_flash.o(i.FLASH_GetBank1Status) for FLASH_GetBank1Status
    stm32f10x_flash.o(i.FLASH_WaitForLastOperation) refers to stm32f10x_flash.o(i.FLASH_GetBank1Status) for FLASH_GetBank1Status
    stm32f10x_gpio.o(i.GPIO_AFIODeInit) refers to stm32f10x_rcc.o(i.RCC_APB2PeriphResetCmd) for RCC_APB2PeriphResetCmd
    stm32f10x_gpio.o(i.GPIO_DeInit) refers to stm32f10x_rcc.o(i.RCC_APB2PeriphResetCmd) for RCC_APB2PeriphResetCmd
    stm32f10x_i2c.o(i.I2C_DeInit) refers to stm32f10x_rcc.o(i.RCC_APB1PeriphResetCmd) for RCC_APB1PeriphResetCmd
    stm32f10x_i2c.o(i.I2C_Init) refers to stm32f10x_rcc.o(i.RCC_GetClocksFreq) for RCC_GetClocksFreq
    stm32f10x_pwr.o(i.PWR_DeInit) refers to stm32f10x_rcc.o(i.RCC_APB1PeriphResetCmd) for RCC_APB1PeriphResetCmd
    stm32f10x_rcc.o(i.RCC_GetClocksFreq) refers to stm32f10x_rcc.o(.data) for .data
    stm32f10x_rcc.o(i.RCC_WaitForHSEStartUp) refers to stm32f10x_rcc.o(i.RCC_GetFlagStatus) for RCC_GetFlagStatus
    stm32f10x_rtc.o(i.RTC_SetAlarm) refers to stm32f10x_rtc.o(i.RTC_EnterConfigMode) for RTC_EnterConfigMode
    stm32f10x_rtc.o(i.RTC_SetAlarm) refers to stm32f10x_rtc.o(i.RTC_ExitConfigMode) for RTC_ExitConfigMode
    stm32f10x_rtc.o(i.RTC_SetCounter) refers to stm32f10x_rtc.o(i.RTC_EnterConfigMode) for RTC_EnterConfigMode
    stm32f10x_rtc.o(i.RTC_SetCounter) refers to stm32f10x_rtc.o(i.RTC_ExitConfigMode) for RTC_ExitConfigMode
    stm32f10x_rtc.o(i.RTC_SetPrescaler) refers to stm32f10x_rtc.o(i.RTC_EnterConfigMode) for RTC_EnterConfigMode
    stm32f10x_rtc.o(i.RTC_SetPrescaler) refers to stm32f10x_rtc.o(i.RTC_ExitConfigMode) for RTC_ExitConfigMode
    stm32f10x_spi.o(i.I2S_Init) refers to stm32f10x_rcc.o(i.RCC_GetClocksFreq) for RCC_GetClocksFreq
    stm32f10x_spi.o(i.SPI_I2S_DeInit) refers to stm32f10x_rcc.o(i.RCC_APB2PeriphResetCmd) for RCC_APB2PeriphResetCmd
    stm32f10x_spi.o(i.SPI_I2S_DeInit) refers to stm32f10x_rcc.o(i.RCC_APB1PeriphResetCmd) for RCC_APB1PeriphResetCmd
    stm32f10x_tim.o(i.TIM_DeInit) refers to stm32f10x_rcc.o(i.RCC_APB1PeriphResetCmd) for RCC_APB1PeriphResetCmd
    stm32f10x_tim.o(i.TIM_DeInit) refers to stm32f10x_rcc.o(i.RCC_APB2PeriphResetCmd) for RCC_APB2PeriphResetCmd
    stm32f10x_tim.o(i.TIM_ETRClockMode1Config) refers to stm32f10x_tim.o(i.TIM_ETRConfig) for TIM_ETRConfig
    stm32f10x_tim.o(i.TIM_ETRClockMode2Config) refers to stm32f10x_tim.o(i.TIM_ETRConfig) for TIM_ETRConfig
    stm32f10x_tim.o(i.TIM_ICInit) refers to stm32f10x_tim.o(i.TI1_Config) for TI1_Config
    stm32f10x_tim.o(i.TIM_ICInit) refers to stm32f10x_tim.o(i.TIM_SetIC1Prescaler) for TIM_SetIC1Prescaler
    stm32f10x_tim.o(i.TIM_ICInit) refers to stm32f10x_tim.o(i.TI2_Config) for TI2_Config
    stm32f10x_tim.o(i.TIM_ICInit) refers to stm32f10x_tim.o(i.TIM_SetIC2Prescaler) for TIM_SetIC2Prescaler
    stm32f10x_tim.o(i.TIM_ICInit) refers to stm32f10x_tim.o(i.TIM_SetIC3Prescaler) for TIM_SetIC3Prescaler
    stm32f10x_tim.o(i.TIM_ICInit) refers to stm32f10x_tim.o(i.TIM_SetIC4Prescaler) for TIM_SetIC4Prescaler
    stm32f10x_tim.o(i.TIM_ITRxExternalClockConfig) refers to stm32f10x_tim.o(i.TIM_SelectInputTrigger) for TIM_SelectInputTrigger
    stm32f10x_tim.o(i.TIM_PWMIConfig) refers to stm32f10x_tim.o(i.TI2_Config) for TI2_Config
    stm32f10x_tim.o(i.TIM_PWMIConfig) refers to stm32f10x_tim.o(i.TIM_SetIC2Prescaler) for TIM_SetIC2Prescaler
    stm32f10x_tim.o(i.TIM_PWMIConfig) refers to stm32f10x_tim.o(i.TI1_Config) for TI1_Config
    stm32f10x_tim.o(i.TIM_PWMIConfig) refers to stm32f10x_tim.o(i.TIM_SetIC1Prescaler) for TIM_SetIC1Prescaler
    stm32f10x_tim.o(i.TIM_TIxExternalClockConfig) refers to stm32f10x_tim.o(i.TI1_Config) for TI1_Config
    stm32f10x_tim.o(i.TIM_TIxExternalClockConfig) refers to stm32f10x_tim.o(i.TIM_SelectInputTrigger) for TIM_SelectInputTrigger
    stm32f10x_tim.o(i.TIM_TIxExternalClockConfig) refers to stm32f10x_tim.o(i.TI2_Config) for TI2_Config
    stm32f10x_usart.o(i.USART_DeInit) refers to stm32f10x_rcc.o(i.RCC_APB2PeriphResetCmd) for RCC_APB2PeriphResetCmd
    stm32f10x_usart.o(i.USART_DeInit) refers to stm32f10x_rcc.o(i.RCC_APB1PeriphResetCmd) for RCC_APB1PeriphResetCmd
    stm32f10x_usart.o(i.USART_Init) refers to stm32f10x_rcc.o(i.RCC_GetClocksFreq) for RCC_GetClocksFreq
    stm32f10x_wwdg.o(i.WWDG_DeInit) refers to stm32f10x_rcc.o(i.RCC_APB1PeriphResetCmd) for RCC_APB1PeriphResetCmd
    system_stm32f10x.o(i.SystemCoreClockUpdate) refers to system_stm32f10x.o(.data) for .data
    system_stm32f10x.o(i.SystemInit) refers to system_stm32f10x.o(i.SetSysClockTo72) for SetSysClockTo72
    startup_stm32f10x_hd.o(STACK) refers (Special) to heapauxi.o(.text) for __use_two_region_memory
    startup_stm32f10x_hd.o(HEAP) refers (Special) to heapauxi.o(.text) for __use_two_region_memory
    startup_stm32f10x_hd.o(RESET) refers (Special) to heapauxi.o(.text) for __use_two_region_memory
    startup_stm32f10x_hd.o(RESET) refers to startup_stm32f10x_hd.o(STACK) for __initial_sp
    startup_stm32f10x_hd.o(RESET) refers to startup_stm32f10x_hd.o(.text) for Reset_Handler
    startup_stm32f10x_hd.o(RESET) refers to app_stm32f10x_it.o(i.HardFault_Handler) for HardFault_Handler
    startup_stm32f10x_hd.o(RESET) refers to app_stm32f10x_it.o(i.MemManage_Handler) for MemManage_Handler
    startup_stm32f10x_hd.o(RESET) refers to app_stm32f10x_it.o(i.BusFault_Handler) for BusFault_Handler
    startup_stm32f10x_hd.o(RESET) refers to app_stm32f10x_it.o(i.UsageFault_Handler) for UsageFault_Handler
    startup_stm32f10x_hd.o(RESET) refers to app_stm32f10x_it.o(i.SVC_Handler) for SVC_Handler
    startup_stm32f10x_hd.o(RESET) refers to app_stm32f10x_it.o(i.DebugMon_Handler) for DebugMon_Handler
    startup_stm32f10x_hd.o(RESET) refers to app_stm32f10x_it.o(i.SysTick_Handler) for SysTick_Handler
    startup_stm32f10x_hd.o(RESET) refers to drv_timer.o(i.TIM2_IRQHandler) for TIM2_IRQHandler
    startup_stm32f10x_hd.o(RESET) refers to drv_uart.o(i.USART1_IRQHandler) for USART1_IRQHandler
    startup_stm32f10x_hd.o(.text) refers (Special) to heapauxi.o(.text) for __use_two_region_memory
    startup_stm32f10x_hd.o(.text) refers to system_stm32f10x.o(i.SystemInit) for SystemInit
    startup_stm32f10x_hd.o(.text) refers to __main.o(!!!main) for __main
    startup_stm32f10x_hd.o(.text) refers to startup_stm32f10x_hd.o(HEAP) for Heap_Mem
    startup_stm32f10x_hd.o(.text) refers to startup_stm32f10x_hd.o(STACK) for Stack_Mem
    __2printf.o(.text) refers to _printf_char_file.o(.text) for _printf_char_file
    __2printf.o(.text) refers to stdio_streams.o(.bss) for __stdout
    noretval__2printf.o(.text) refers to _printf_char_file.o(.text) for _printf_char_file
    noretval__2printf.o(.text) refers to stdio_streams.o(.bss) for __stdout
    __printf.o(.text) refers to _printf_percent.o(.ARM.Collect$$_printf_percent$$00000000) for _printf_percent
    _printf_hex_ll.o(.text) refers to _printf_intcommon.o(.text) for _printf_int_common
    _printf_hex_ll.o(.text) refers to _printf_hex_ll.o(.constdata) for .constdata
    _printf_hex_int.o(.text) refers to _printf_intcommon.o(.text) for _printf_int_common
    _printf_hex_int.o(.text) refers to _printf_hex_int.o(.constdata) for .constdata
    _printf_hex_int_ll.o(.text) refers to _printf_intcommon.o(.text) for _printf_int_common
    _printf_hex_int_ll.o(.text) refers to _printf_hex_int_ll.o(.constdata) for .constdata
    _printf_hex_ptr.o(.text) refers to _printf_intcommon.o(.text) for _printf_int_common
    _printf_hex_ptr.o(.text) refers to _printf_hex_ptr.o(.constdata) for .constdata
    _printf_hex_int_ptr.o(.text) refers to _printf_intcommon.o(.text) for _printf_int_common
    _printf_hex_int_ptr.o(.text) refers to _printf_hex_int_ptr.o(.constdata) for .constdata
    _printf_hex_ll_ptr.o(.text) refers to _printf_intcommon.o(.text) for _printf_int_common
    _printf_hex_ll_ptr.o(.text) refers to _printf_hex_ll_ptr.o(.constdata) for .constdata
    _printf_hex_int_ll_ptr.o(.text) refers to _printf_intcommon.o(.text) for _printf_int_common
    _printf_hex_int_ll_ptr.o(.text) refers to _printf_hex_int_ll_ptr.o(.constdata) for .constdata
    __printf_flags.o(.text) refers to _printf_percent.o(.ARM.Collect$$_printf_percent$$00000000) for _printf_percent
    __printf_flags.o(.text) refers to __printf_flags.o(.constdata) for .constdata
    __printf_ss.o(.text) refers to _printf_percent.o(.ARM.Collect$$_printf_percent$$00000000) for _printf_percent
    __printf_flags_ss.o(.text) refers to _printf_percent.o(.ARM.Collect$$_printf_percent$$00000000) for _printf_percent
    __printf_flags_ss.o(.text) refers to __printf_flags_ss.o(.constdata) for .constdata
    __printf_wp.o(.text) refers to __printf_wp.o(i._is_digit) for _is_digit
    __printf_wp.o(.text) refers to _printf_percent.o(.ARM.Collect$$_printf_percent$$00000000) for _printf_percent
    __printf_flags_wp.o(.text) refers to __printf_wp.o(i._is_digit) for _is_digit
    __printf_flags_wp.o(.text) refers to _printf_percent.o(.ARM.Collect$$_printf_percent$$00000000) for _printf_percent
    __printf_flags_wp.o(.text) refers to __printf_flags_wp.o(.constdata) for .constdata
    __printf_ss_wp.o(.text) refers to __printf_wp.o(i._is_digit) for _is_digit
    __printf_ss_wp.o(.text) refers to _printf_percent.o(.ARM.Collect$$_printf_percent$$00000000) for _printf_percent
    __printf_flags_ss_wp.o(.text) refers to __printf_wp.o(i._is_digit) for _is_digit
    __printf_flags_ss_wp.o(.text) refers to _printf_percent.o(.ARM.Collect$$_printf_percent$$00000000) for _printf_percent
    __printf_flags_ss_wp.o(.text) refers to __printf_flags_ss_wp.o(.constdata) for .constdata
    _printf_x.o(.ARM.Collect$$_printf_percent$$0000000C) refers (Weak) to _printf_hex_int.o(.text) for _printf_int_hex
    _printf_percent.o(.ARM.Collect$$_printf_percent$$00000000) refers (Special) to _printf_percent_end.o(.ARM.Collect$$_printf_percent$$00000017) for _printf_percent_end
    rt_memcpy_v6.o(.text) refers to rt_memcpy_w.o(.text) for __aeabi_memcpy4
    __main.o(!!!main) refers to __rtentry.o(.ARM.Collect$$rtentry$$00000000) for __rt_entry
    dfix.o(x$fpl$dfix) refers (Special) to usenofp.o(x$fpl$usenofp) for __I$use$fp
    dfix.o(x$fpl$dfix) refers to dnaninf.o(x$fpl$dnaninf) for __fpl_dnaninf
    dfix.o(x$fpl$dfixr) refers (Special) to usenofp.o(x$fpl$usenofp) for __I$use$fp
    dfix.o(x$fpl$dfixr) refers to dnaninf.o(x$fpl$dnaninf) for __fpl_dnaninf
    dmul.o(x$fpl$dmul) refers (Special) to usenofp.o(x$fpl$usenofp) for __I$use$fp
    dmul.o(x$fpl$dmul) refers to dretinf.o(x$fpl$dretinf) for __fpl_dretinf
    dmul.o(x$fpl$dmul) refers to dnaninf.o(x$fpl$dnaninf) for __fpl_dnaninf
    f2d.o(x$fpl$f2d) refers (Special) to usenofp.o(x$fpl$usenofp) for __I$use$fp
    f2d.o(x$fpl$f2d) refers to fnaninf.o(x$fpl$fnaninf) for __fpl_fnaninf
    f2d.o(x$fpl$f2d) refers to dretinf.o(x$fpl$dretinf) for __fpl_dretinf
    fflt_clz.o(x$fpl$ffltu) refers (Special) to usenofp.o(x$fpl$usenofp) for __I$use$fp
    fflt_clz.o(x$fpl$fflt) refers (Special) to usenofp.o(x$fpl$usenofp) for __I$use$fp
    fflt_clz.o(x$fpl$ffltn) refers (Special) to usenofp.o(x$fpl$usenofp) for __I$use$fp
    scalbn.o(x$fpl$scalbn) refers (Special) to usenofp.o(x$fpl$usenofp) for __I$use$fp
    scalbn.o(x$fpl$scalbn) refers to dcheck1.o(x$fpl$dcheck1) for __fpl_dcheck_NaN1
    __rtentry.o(.ARM.Collect$$rtentry$$00000000) refers (Special) to __rtentry2.o(.ARM.Collect$$rtentry$$0000000A) for __rt_entry_li
    __rtentry.o(.ARM.Collect$$rtentry$$00000000) refers (Special) to __rtentry2.o(.ARM.Collect$$rtentry$$0000000D) for __rt_entry_main
    __rtentry.o(.ARM.Collect$$rtentry$$00000000) refers (Special) to __rtentry2.o(.ARM.Collect$$rtentry$$0000000C) for __rt_entry_postli_1
    __rtentry.o(.ARM.Collect$$rtentry$$00000000) refers (Special) to __rtentry2.o(.ARM.Collect$$rtentry$$00000009) for __rt_entry_postsh_1
    __rtentry.o(.ARM.Collect$$rtentry$$00000000) refers (Special) to __rtentry2.o(.ARM.Collect$$rtentry$$00000002) for __rt_entry_presh_1
    __rtentry.o(.ARM.Collect$$rtentry$$00000000) refers (Special) to __rtentry4.o(.ARM.Collect$$rtentry$$00000004) for __rt_entry_sh
    _printf_char_file.o(.text) refers to _printf_char_common.o(.text) for _printf_char_common
    _printf_char_file.o(.text) refers to ferror.o(.text) for ferror
    _printf_char_file.o(.text) refers to drv_uart.o(i.fputc) for fputc
    stdio_streams.o(.bss) refers (Special) to initio.o(.text) for _initio
    stdio_streams.o(.bss) refers (Special) to initio.o(.text) for _initio
    stdio_streams.o(.bss) refers (Special) to initio.o(.text) for _initio
    stdio_streams.o(.data) refers (Special) to initio.o(.text) for _initio
    stdio_streams.o(.data) refers (Special) to initio.o(.text) for _initio
    stdio_streams.o(.data) refers (Special) to initio.o(.text) for _initio
    dcheck1.o(x$fpl$dcheck1) refers (Special) to usenofp.o(x$fpl$usenofp) for __I$use$fp
    dcheck1.o(x$fpl$dcheck1) refers to retnan.o(x$fpl$retnan) for __fpl_return_NaN
    dnaninf.o(x$fpl$dnaninf) refers (Special) to usenofp.o(x$fpl$usenofp) for __I$use$fp
    dretinf.o(x$fpl$dretinf) refers (Special) to usenofp.o(x$fpl$usenofp) for __I$use$fp
    fnaninf.o(x$fpl$fnaninf) refers (Special) to usenofp.o(x$fpl$usenofp) for __I$use$fp
    __rtentry2.o(.ARM.Collect$$rtentry$$00000008) refers to boardinit2.o(.text) for _platform_post_stackheap_init
    __rtentry2.o(.ARM.Collect$$rtentry$$0000000A) refers to libinit.o(.ARM.Collect$$libinit$$00000000) for __rt_lib_init
    __rtentry2.o(.ARM.Collect$$rtentry$$0000000B) refers to boardinit3.o(.text) for _platform_post_lib_init
    __rtentry2.o(.ARM.Collect$$rtentry$$0000000D) refers to app_main.o(i.main) for main
    __rtentry2.o(.ARM.Collect$$rtentry$$0000000D) refers to exit.o(.text) for exit
    __rtentry2.o(.ARM.exidx) refers to __rtentry2.o(.ARM.Collect$$rtentry$$00000001) for .ARM.Collect$$rtentry$$00000001
    __rtentry2.o(.ARM.exidx) refers to __rtentry2.o(.ARM.Collect$$rtentry$$00000008) for .ARM.Collect$$rtentry$$00000008
    __rtentry2.o(.ARM.exidx) refers to __rtentry2.o(.ARM.Collect$$rtentry$$0000000A) for .ARM.Collect$$rtentry$$0000000A
    __rtentry2.o(.ARM.exidx) refers to __rtentry2.o(.ARM.Collect$$rtentry$$0000000B) for .ARM.Collect$$rtentry$$0000000B
    __rtentry2.o(.ARM.exidx) refers to __rtentry2.o(.ARM.Collect$$rtentry$$0000000D) for .ARM.Collect$$rtentry$$0000000D
    __rtentry4.o(.ARM.Collect$$rtentry$$00000004) refers to sys_stackheap_outer.o(.text) for __user_setup_stackheap
    __rtentry4.o(.ARM.exidx) refers to __rtentry4.o(.ARM.Collect$$rtentry$$00000004) for .ARM.Collect$$rtentry$$00000004
    _printf_char_common.o(.text) refers to __printf.o(.text) for __printf
    initio.o(.text) refers (Special) to libinit2.o(.ARM.Collect$$libinit$$00000024) for __rt_lib_init_stdio_2
    initio.o(.text) refers (Special) to libshutdown2.o(.ARM.Collect$$libshutdown$$00000005) for __rt_lib_shutdown_stdio_2
    initio.o(.text) refers to rt_memclr_w.o(.text) for __aeabi_memclr4
    initio.o(.text) refers to fopen.o(.text) for freopen
    initio.o(.text) refers to defsig_rtred_outer.o(.text) for __rt_SIGRTRED
    initio.o(.text) refers to setvbuf.o(.text) for setvbuf
    initio.o(.text) refers to fclose.o(.text) for _fclose_internal
    initio.o(.text) refers to h1_free.o(.text) for free
    initio.o(.text) refers to stdio_streams.o(.bss) for __stdin
    initio.o(.text) refers to stdio_streams.o(.bss) for __stdout
    initio.o(.text) refers to stdio_streams.o(.bss) for __stderr
    initio.o(.text) refers to stdio_streams.o(.data) for __aeabi_stdin
    initio.o(.text) refers to stdio_streams.o(.data) for __aeabi_stdout
    initio.o(.text) refers to stdio_streams.o(.data) for __aeabi_stderr
    initio.o(.text) refers to sys_io.o(.constdata) for __stdin_name
    initio.o(.text) refers to sys_io.o(.constdata) for __stdout_name
    initio.o(.text) refers to sys_io.o(.constdata) for __stderr_name
    initio_locked.o(.text) refers (Special) to libinit2.o(.ARM.Collect$$libinit$$00000024) for __rt_lib_init_stdio_2
    initio_locked.o(.text) refers (Special) to libshutdown2.o(.ARM.Collect$$libshutdown$$00000005) for __rt_lib_shutdown_stdio_2
    initio_locked.o(.text) refers to rt_memclr_w.o(.text) for __aeabi_memclr4
    initio_locked.o(.text) refers to fopen.o(.text) for freopen
    initio_locked.o(.text) refers to defsig_rtred_outer.o(.text) for __rt_SIGRTRED
    initio_locked.o(.text) refers to setvbuf.o(.text) for setvbuf
    initio_locked.o(.text) refers to fclose.o(.text) for _fclose_internal
    initio_locked.o(.text) refers to h1_free.o(.text) for free
    initio_locked.o(.text) refers to stdio_streams.o(.bss) for __stdin
    initio_locked.o(.text) refers to stdio_streams.o(.bss) for __stdout
    initio_locked.o(.text) refers to stdio_streams.o(.bss) for __stderr
    initio_locked.o(.text) refers to stdio_streams.o(.data) for __aeabi_stdin
    initio_locked.o(.text) refers to stdio_streams.o(.data) for __aeabi_stdout
    initio_locked.o(.text) refers to stdio_streams.o(.data) for __aeabi_stderr
    initio_locked.o(.text) refers to streamlock.o(.data) for _stream_list_lock
    initio_locked.o(.text) refers to sys_io.o(.constdata) for __stdin_name
    initio_locked.o(.text) refers to sys_io.o(.constdata) for __stdout_name
    initio_locked.o(.text) refers to sys_io.o(.constdata) for __stderr_name
    retnan.o(x$fpl$retnan) refers (Special) to usenofp.o(x$fpl$usenofp) for __I$use$fp
    retnan.o(x$fpl$retnan) refers to trapv.o(x$fpl$trapveneer) for __fpl_cmpreturn
    sys_io.o(.text) refers (Special) to use_no_semi.o(.text) for __I$use$semihosting
    sys_io.o(.text) refers (Special) to indicate_semi.o(.text) for __semihosting_library_function
    sys_io.o(.text) refers to strlen.o(.text) for strlen
    sys_io.o(.constdata) refers (Special) to use_no_semi.o(.text) for __I$use$semihosting
    sys_io.o(.constdata) refers (Special) to indicate_semi.o(.text) for __semihosting_library_function
    sys_io.o(.constdata) refers (Special) to use_no_semi.o(.text) for __I$use$semihosting
    sys_io.o(.constdata) refers (Special) to indicate_semi.o(.text) for __semihosting_library_function
    sys_io.o(.constdata) refers (Special) to use_no_semi.o(.text) for __I$use$semihosting
    sys_io.o(.constdata) refers (Special) to indicate_semi.o(.text) for __semihosting_library_function
    sys_stackheap_outer.o(.text) refers to libspace.o(.text) for __user_perproc_libspace
    sys_stackheap_outer.o(.text) refers to startup_stm32f10x_hd.o(.text) for __user_initial_stackheap
    free.o(.text) refers (Special) to hguard.o(.text) for __heap$guard
    free.o(.text) refers to rt_heap_descriptor_intlibspace.o(.text) for __rt_heap_descriptor
    free.o(.text) refers to heapstubs.o(.text) for __Heap_Free
    h1_free.o(.text) refers to rt_heap_descriptor_intlibspace.o(.text) for __rt_heap_descriptor
    h1_free_mt.o(.text) refers to rt_heap_descriptor_intlibspace.o(.text) for __rt_heap_descriptor
    heap2.o(i._FDIterate) refers to heap2.o(.conststring) for .conststring
    heap2.o(i.___Heap_ProvideMemory$realtime) refers to fdtree.o(i._FDTree_Delete) for _FDTree_Delete
    heap2.o(i.___Heap_ProvideMemory$realtime) refers to fdtree.o(i._FDTree_Insert) for _FDTree_Insert
    heap2.o(i.___Heap_Stats$realtime) refers to heap2.o(i._Heap2_StatsIterate) for _Heap2_StatsIterate
    heap2.o(i.___Heap_Valid$realtime) refers to heap2.o(i._FDIterate) for _FDIterate
    heap2.o(i.___Heap_Valid$realtime) refers to heap2.o(.conststring) for .conststring
    heap2.o(i._free$realtime) refers to rt_heap_descriptor_intlibspace.o(.text) for __rt_heap_descriptor
    heap2.o(i._free$realtime) refers to fdtree.o(i._FDTree_Delete) for _FDTree_Delete
    heap2.o(i._free$realtime) refers to fdtree.o(i._FDTree_Insert) for _FDTree_Insert
    heap2.o(i._malloc$realtime) refers to rt_heap_descriptor_intlibspace.o(.text) for __rt_heap_descriptor
    heap2.o(i._malloc$realtime) refers to fdtree.o(i._FDTree_FindFirst) for _FDTree_FindFirst
    heap2.o(i._malloc$realtime) refers to init_alloc.o(.text) for __Heap_Full
    heap2.o(i._malloc$realtime) refers to fdtree.o(i._FDTree_RemoveNode) for _FDTree_RemoveNode
    heap2.o(i._malloc$realtime) refers to fdtree.o(i._FDTree_Insert) for _FDTree_Insert
    heap2.o(i._posix_memalign$realtime) refers to rt_heap_descriptor_intlibspace.o(.text) for __rt_heap_descriptor
    heap2.o(i._posix_memalign$realtime) refers to fdtree.o(i._FDTree_FindFirst) for _FDTree_FindFirst
    heap2.o(i._posix_memalign$realtime) refers to init_alloc.o(.text) for __Heap_Full
    heap2.o(i._posix_memalign$realtime) refers to fdtree.o(i._FDTree_RemoveNode) for _FDTree_RemoveNode
    heap2.o(i._posix_memalign$realtime) refers to fdtree.o(i._FDTree_Insert) for _FDTree_Insert
    heap2.o(i._realloc$realtime) refers to rt_heap_descriptor_intlibspace.o(.text) for __rt_heap_descriptor
    heap2.o(i._realloc$realtime) refers to fdtree.o(i._FDTree_Insert) for _FDTree_Insert
    heap2.o(i._realloc$realtime) refers to h1_free.o(.text) for free
    heap2.o(i._realloc$realtime) refers to h1_alloc.o(.text) for malloc
    heap2.o(i._realloc$realtime) refers to fdtree.o(i._FDTree_Delete) for _FDTree_Delete
    heap2.o(i._realloc$realtime) refers to rt_memcpy_w.o(.text) for __aeabi_memcpy4
    heap2mt.o(i._FDIterate) refers to heap2mt.o(.conststring) for .conststring
    heap2mt.o(i.___Heap_Initialize$realtime$concurrent) refers to mutex_dummy.o(.text) for _mutex_initialize
    heap2mt.o(i.___Heap_ProvideMemory$realtime$concurrent) refers to fdtree.o(i._FDTree_Delete) for _FDTree_Delete
    heap2mt.o(i.___Heap_ProvideMemory$realtime$concurrent) refers to fdtree.o(i._FDTree_Insert) for _FDTree_Insert
    heap2mt.o(i.___Heap_Stats$realtime$concurrent) refers to heap2mt.o(i._Heap2_StatsIterate) for _Heap2_StatsIterate
    heap2mt.o(i.___Heap_Valid$realtime$concurrent) refers to heap2mt.o(i._FDIterate) for _FDIterate
    heap2mt.o(i.___Heap_Valid$realtime$concurrent) refers to heap2mt.o(.conststring) for .conststring
    heap2mt.o(i._free$realtime$concurrent) refers to rt_heap_descriptor_intlibspace.o(.text) for __rt_heap_descriptor
    heap2mt.o(i._free$realtime$concurrent) refers to fdtree.o(i._FDTree_Delete) for _FDTree_Delete
    heap2mt.o(i._free$realtime$concurrent) refers to fdtree.o(i._FDTree_Insert) for _FDTree_Insert
    heap2mt.o(i._malloc$realtime$concurrent) refers to rt_heap_descriptor_intlibspace.o(.text) for __rt_heap_descriptor
    heap2mt.o(i._malloc$realtime$concurrent) refers to fdtree.o(i._FDTree_FindFirst) for _FDTree_FindFirst
    heap2mt.o(i._malloc$realtime$concurrent) refers to init_alloc.o(.text) for __Heap_Full
    heap2mt.o(i._malloc$realtime$concurrent) refers to fdtree.o(i._FDTree_RemoveNode) for _FDTree_RemoveNode
    heap2mt.o(i._malloc$realtime$concurrent) refers to fdtree.o(i._FDTree_Insert) for _FDTree_Insert
    heap2mt.o(i._posix_memalign$realtime$concurrent) refers to rt_heap_descriptor_intlibspace.o(.text) for __rt_heap_descriptor
    heap2mt.o(i._posix_memalign$realtime$concurrent) refers to fdtree.o(i._FDTree_FindFirst) for _FDTree_FindFirst
    heap2mt.o(i._posix_memalign$realtime$concurrent) refers to init_alloc.o(.text) for __Heap_Full
    heap2mt.o(i._posix_memalign$realtime$concurrent) refers to fdtree.o(i._FDTree_RemoveNode) for _FDTree_RemoveNode
    heap2mt.o(i._posix_memalign$realtime$concurrent) refers to fdtree.o(i._FDTree_Insert) for _FDTree_Insert
    heap2mt.o(i._realloc$realtime$concurrent) refers to rt_heap_descriptor_intlibspace.o(.text) for __rt_heap_descriptor
    heap2mt.o(i._realloc$realtime$concurrent) refers to fdtree.o(i._FDTree_Insert) for _FDTree_Insert
    heap2mt.o(i._realloc$realtime$concurrent) refers to h1_free.o(.text) for free
    heap2mt.o(i._realloc$realtime$concurrent) refers to h1_alloc.o(.text) for malloc
    heap2mt.o(i._realloc$realtime$concurrent) refers to fdtree.o(i._FDTree_Delete) for _FDTree_Delete
    heap2mt.o(i._realloc$realtime$concurrent) refers to rt_memcpy_w.o(.text) for __aeabi_memcpy4
    streamlock.o(.data) refers (Special) to initio.o(.text) for _initio
    fopen.o(.text) refers to fclose.o(.text) for _fclose_internal
    fopen.o(.text) refers to sys_io.o(.text) for _sys_open
    fopen.o(.text) refers to fseek.o(.text) for _fseek
    fopen.o(.text) refers to h1_alloc.o(.text) for malloc
    fopen.o(.text) refers to rt_memclr_w.o(.text) for __aeabi_memclr4
    fopen.o(.text) refers to stdio_streams.o(.bss) for __stdin
    fclose.o(.text) refers to stdio.o(.text) for _fflush
    fclose.o(.text) refers to sys_io.o(.text) for _sys_close
    fclose.o(.text) refers to h1_free.o(.text) for free
    fclose.o(.text) refers to rt_memclr_w.o(.text) for __aeabi_memclr4
    fopen_locked.o(.text) refers to fclose.o(.text) for _fclose_internal
    fopen_locked.o(.text) refers to sys_io.o(.text) for _sys_open
    fopen_locked.o(.text) refers to fseek.o(.text) for _fseek
    fopen_locked.o(.text) refers to h1_alloc.o(.text) for malloc
    fopen_locked.o(.text) refers to rt_memclr_w.o(.text) for __aeabi_memclr4
    fopen_locked.o(.text) refers to streamlock.o(.data) for _stream_list_lock
    fopen_locked.o(.text) refers to stdio_streams.o(.bss) for __stdin
    exit.o(.text) refers to rtexit.o(.ARM.Collect$$rtexit$$00000000) for __rt_exit
    defsig_rtred_outer.o(.text) refers to defsig_rtred_inner.o(.text) for __rt_SIGRTRED_inner
    defsig_rtred_outer.o(.text) refers to defsig_exit.o(.text) for __sig_exit
    defsig_rtred_formal.o(.text) refers to rt_raise.o(.text) for __rt_raise
    libinit.o(.ARM.Collect$$libinit$$00000000) refers (Special) to libinit2.o(.ARM.Collect$$libinit$$0000002E) for __rt_lib_init_alloca_1
    libinit.o(.ARM.Collect$$libinit$$00000000) refers (Special) to libinit2.o(.ARM.Collect$$libinit$$0000002C) for __rt_lib_init_argv_1
    libinit.o(.ARM.Collect$$libinit$$00000000) refers (Special) to libinit2.o(.ARM.Collect$$libinit$$0000001B) for __rt_lib_init_atexit_1
    libinit.o(.ARM.Collect$$libinit$$00000000) refers (Special) to libinit2.o(.ARM.Collect$$libinit$$00000021) for __rt_lib_init_clock_1
    libinit.o(.ARM.Collect$$libinit$$00000000) refers (Special) to libinit2.o(.ARM.Collect$$libinit$$00000032) for __rt_lib_init_cpp_1
    libinit.o(.ARM.Collect$$libinit$$00000000) refers (Special) to libinit2.o(.ARM.Collect$$libinit$$00000030) for __rt_lib_init_exceptions_1
    libinit.o(.ARM.Collect$$libinit$$00000000) refers (Special) to libinit2.o(.ARM.Collect$$libinit$$00000002) for __rt_lib_init_fp_1
    libinit.o(.ARM.Collect$$libinit$$00000000) refers (Special) to libinit2.o(.ARM.Collect$$libinit$$0000001F) for __rt_lib_init_fp_trap_1
    libinit.o(.ARM.Collect$$libinit$$00000000) refers (Special) to libinit2.o(.ARM.Collect$$libinit$$00000023) for __rt_lib_init_getenv_1
    libinit.o(.ARM.Collect$$libinit$$00000000) refers (Special) to libinit2.o(.ARM.Collect$$libinit$$0000000A) for __rt_lib_init_heap_1
    libinit.o(.ARM.Collect$$libinit$$00000000) refers (Special) to libinit2.o(.ARM.Collect$$libinit$$00000011) for __rt_lib_init_lc_collate_1
    libinit.o(.ARM.Collect$$libinit$$00000000) refers (Special) to libinit2.o(.ARM.Collect$$libinit$$00000013) for __rt_lib_init_lc_ctype_1
    libinit.o(.ARM.Collect$$libinit$$00000000) refers (Special) to libinit2.o(.ARM.Collect$$libinit$$00000015) for __rt_lib_init_lc_monetary_1
    libinit.o(.ARM.Collect$$libinit$$00000000) refers (Special) to libinit2.o(.ARM.Collect$$libinit$$00000017) for __rt_lib_init_lc_numeric_1
    libinit.o(.ARM.Collect$$libinit$$00000000) refers (Special) to libinit2.o(.ARM.Collect$$libinit$$00000019) for __rt_lib_init_lc_time_1
    libinit.o(.ARM.Collect$$libinit$$00000000) refers (Special) to libinit2.o(.ARM.Collect$$libinit$$00000004) for __rt_lib_init_preinit_1
    libinit.o(.ARM.Collect$$libinit$$00000000) refers (Special) to libinit2.o(.ARM.Collect$$libinit$$0000000E) for __rt_lib_init_rand_1
    libinit.o(.ARM.Collect$$libinit$$00000000) refers (Special) to libinit2.o(.ARM.Collect$$libinit$$00000033) for __rt_lib_init_return
    libinit.o(.ARM.Collect$$libinit$$00000000) refers (Special) to libinit2.o(.ARM.Collect$$libinit$$0000001D) for __rt_lib_init_signal_1
    libinit.o(.ARM.Collect$$libinit$$00000000) refers (Special) to libinit2.o(.ARM.Collect$$libinit$$00000025) for __rt_lib_init_stdio_1
    libinit.o(.ARM.Collect$$libinit$$00000000) refers (Special) to libinit2.o(.ARM.Collect$$libinit$$0000000C) for __rt_lib_init_user_alloc_1
    libinit2.o(.ARM.Collect$$libinit$$00000005) refers (Weak) to init_alloc.o(.text) for _init_alloc
    libinit2.o(.ARM.Collect$$libinit$$00000010) refers to libinit2.o(.ARM.Collect$$libinit$$0000000F) for .ARM.Collect$$libinit$$0000000F
    libinit2.o(.ARM.Collect$$libinit$$00000012) refers to libinit2.o(.ARM.Collect$$libinit$$0000000F) for .ARM.Collect$$libinit$$0000000F
    libinit2.o(.ARM.Collect$$libinit$$00000014) refers to libinit2.o(.ARM.Collect$$libinit$$0000000F) for .ARM.Collect$$libinit$$0000000F
    libinit2.o(.ARM.Collect$$libinit$$00000016) refers to libinit2.o(.ARM.Collect$$libinit$$0000000F) for .ARM.Collect$$libinit$$0000000F
    libinit2.o(.ARM.Collect$$libinit$$00000018) refers to libinit2.o(.ARM.Collect$$libinit$$0000000F) for .ARM.Collect$$libinit$$0000000F
    libinit2.o(.ARM.Collect$$libinit$$00000024) refers (Weak) to initio.o(.text) for _initio
    libinit2.o(.ARM.Collect$$libinit$$00000026) refers to argv_veneer.o(.emb_text) for __ARM_argv_veneer
    libinit2.o(.ARM.Collect$$libinit$$00000027) refers to argv_veneer.o(.emb_text) for __ARM_argv_veneer
    libshutdown2.o(.ARM.Collect$$libshutdown$$00000005) refers (Weak) to initio.o(.text) for _terminateio
    libshutdown2.o(.ARM.Collect$$libshutdown$$0000000F) refers (Weak) to term_alloc.o(.text) for _terminate_alloc
    trapv.o(x$fpl$trapveneer) refers (Special) to usenofp.o(x$fpl$usenofp) for __I$use$fp
    libspace.o(.text) refers to libspace.o(.bss) for __libspace_start
    rtexit.o(.ARM.Collect$$rtexit$$00000000) refers (Special) to rtexit2.o(.ARM.Collect$$rtexit$$00000004) for __rt_exit_exit
    rtexit.o(.ARM.Collect$$rtexit$$00000000) refers (Special) to rtexit2.o(.ARM.Collect$$rtexit$$00000003) for __rt_exit_ls
    rtexit.o(.ARM.Collect$$rtexit$$00000000) refers (Special) to rtexit2.o(.ARM.Collect$$rtexit$$00000002) for __rt_exit_prels_1
    rtexit.o(.ARM.exidx) refers (Special) to rtexit2.o(.ARM.Collect$$rtexit$$00000004) for __rt_exit_exit
    rtexit.o(.ARM.exidx) refers (Special) to rtexit2.o(.ARM.Collect$$rtexit$$00000003) for __rt_exit_ls
    rtexit.o(.ARM.exidx) refers (Special) to rtexit2.o(.ARM.Collect$$rtexit$$00000002) for __rt_exit_prels_1
    rtexit.o(.ARM.exidx) refers to rtexit.o(.ARM.Collect$$rtexit$$00000000) for .ARM.Collect$$rtexit$$00000000
    rt_raise.o(.text) refers to __raise.o(.text) for __raise
    rt_raise.o(.text) refers to sys_exit.o(.text) for _sys_exit
    rt_heap_descriptor.o(.text) refers to rt_heap_descriptor.o(.bss) for __rt_heap_descriptor_data
    rt_heap_descriptor_intlibspace.o(.text) refers to libspace.o(.bss) for __libspace_start
    init_alloc.o(.text) refers (Special) to hguard.o(.text) for __heap$guard
    init_alloc.o(.text) refers (Special) to libinit2.o(.ARM.Collect$$libinit$$00000005) for __rt_lib_init_heap_2
    init_alloc.o(.text) refers (Special) to maybetermalloc1.o(.emb_text) for _maybe_terminate_alloc
    init_alloc.o(.text) refers to h1_extend.o(.text) for __Heap_ProvideMemory
    init_alloc.o(.text) refers to defsig_rtmem_outer.o(.text) for __rt_SIGRTMEM
    init_alloc.o(.text) refers to rt_heap_descriptor_intlibspace.o(.text) for __rt_heap_descriptor
    init_alloc.o(.text) refers to h1_init.o(.text) for __Heap_Initialize
    malloc.o(.text) refers (Special) to hguard.o(.text) for __heap$guard
    malloc.o(.text) refers (Special) to init_alloc.o(.text) for _init_alloc
    malloc.o(.text) refers to rt_heap_descriptor_intlibspace.o(.text) for __rt_heap_descriptor
    malloc.o(.text) refers to heapstubs.o(.text) for __Heap_Alloc
    h1_alloc.o(.text) refers (Special) to h1_init.o(.text) for __Heap_Initialize
    h1_alloc.o(.text) refers to rt_heap_descriptor_intlibspace.o(.text) for __rt_heap_descriptor
    h1_alloc.o(.text) refers to init_alloc.o(.text) for __Heap_Full
    h1_alloc_mt.o(.text) refers (Special) to h1_init.o(.text) for __Heap_Initialize
    h1_alloc_mt.o(.text) refers to init_alloc.o(.text) for __Heap_Full
    h1_alloc_mt.o(.text) refers to rt_heap_descriptor_intlibspace.o(.text) for __rt_heap_descriptor
    fseek.o(.text) refers to sys_io.o(.text) for _sys_istty
    fseek.o(.text) refers to ftell.o(.text) for _ftell_internal
    fseek.o(.text) refers to stdio.o(.text) for _seterr
    stdio.o(.text) refers to sys_io.o(.text) for _sys_seek
    defsig_exit.o(.text) refers to sys_exit.o(.text) for _sys_exit
    defsig_rtred_inner.o(.text) refers to defsig_general.o(.text) for __default_signal_display
    argv_veneer.o(.emb_text) refers to no_argv.o(.text) for __ARM_get_argv
    sys_exit.o(.text) refers (Special) to use_no_semi.o(.text) for __I$use$semihosting
    sys_exit.o(.text) refers (Special) to indicate_semi.o(.text) for __semihosting_library_function
    rtexit2.o(.ARM.Collect$$rtexit$$00000003) refers to libshutdown.o(.ARM.Collect$$libshutdown$$00000000) for __rt_lib_shutdown
    rtexit2.o(.ARM.Collect$$rtexit$$00000004) refers to sys_exit.o(.text) for _sys_exit
    rtexit2.o(.ARM.exidx) refers to rtexit2.o(.ARM.Collect$$rtexit$$00000001) for .ARM.Collect$$rtexit$$00000001
    rtexit2.o(.ARM.exidx) refers to rtexit2.o(.ARM.Collect$$rtexit$$00000003) for .ARM.Collect$$rtexit$$00000003
    rtexit2.o(.ARM.exidx) refers to rtexit2.o(.ARM.Collect$$rtexit$$00000004) for .ARM.Collect$$rtexit$$00000004
    maybetermalloc2.o(.emb_text) refers (Special) to term_alloc.o(.text) for _terminate_alloc
    h1_extend.o(.text) refers to h1_free.o(.text) for free
    h1_init_mt.o(.text) refers to mutex_dummy.o(.text) for _mutex_initialize
    h1_extend_mt.o(.text) refers to h1_free_mt.o(.text) for _free_internal
    ftell.o(.text) refers to rt_errno_addr_intlibspace.o(.text) for __aeabi_errno_addr
    __raise.o(.text) refers to defsig.o(CL$$defsig) for __default_signal_handler
    defsig_general.o(.text) refers to sys_wrch.o(.text) for _ttywrch
    defsig_rtmem_outer.o(.text) refers to defsig_rtmem_inner.o(.text) for __rt_SIGRTMEM_inner
    defsig_rtmem_outer.o(.text) refers to defsig_exit.o(.text) for __sig_exit
    defsig_rtmem_formal.o(.text) refers to rt_raise.o(.text) for __rt_raise
    heapauxa.o(.text) refers to heapauxa.o(.data) for .data
    _get_argv.o(.text) refers (Special) to hrguard.o(.text) for __heap_region$guard
    _get_argv.o(.text) refers to h1_alloc.o(.text) for malloc
    _get_argv.o(.text) refers to defsig_rtmem_outer.o(.text) for __rt_SIGRTMEM
    _get_argv.o(.text) refers to sys_command.o(.text) for _sys_command_string
    _get_argv_nomalloc.o(.text) refers (Special) to hrguard.o(.text) for __heap_region$guard
    _get_argv_nomalloc.o(.text) refers to defsig_rtmem_outer.o(.text) for __rt_SIGRTMEM
    _get_argv_nomalloc.o(.text) refers to sys_command.o(.text) for _sys_command_string
    sys_wrch.o(.text) refers (Special) to use_no_semi.o(.text) for __I$use$semihosting
    sys_wrch.o(.text) refers (Special) to indicate_semi.o(.text) for __semihosting_library_function
    sys_command.o(.text) refers (Special) to use_no_semi.o(.text) for __I$use$semihosting
    sys_command.o(.text) refers (Special) to indicate_semi.o(.text) for __semihosting_library_function
    rt_errno_addr.o(.text) refers to rt_errno_addr.o(.bss) for __aeabi_errno_addr_data
    rt_errno_addr_intlibspace.o(.text) refers to libspace.o(.bss) for __libspace_start
    term_alloc.o(.text) refers (Special) to libshutdown2.o(.ARM.Collect$$libshutdown$$00000010) for __rt_lib_shutdown_heap_2
    term_alloc.o(.text) refers to rt_heap_descriptor_intlibspace.o(.text) for __rt_heap_descriptor
    term_alloc.o(.text) refers to h1_final.o(.text) for __Heap_Finalize
    defsig_rtmem_inner.o(.text) refers to defsig_general.o(.text) for __default_signal_display
    defsig.o(CL$$defsig) refers to defsig_rtred_inner.o(.text) for __rt_SIGRTRED_inner
    defsig.o(CL$$defsig) refers to defsig_rtmem_inner.o(.text) for __rt_SIGRTMEM_inner
    libshutdown.o(.ARM.Collect$$libshutdown$$00000000) refers (Special) to libshutdown2.o(.ARM.Collect$$libshutdown$$00000004) for __rt_lib_shutdown_cpp_1
    libshutdown.o(.ARM.Collect$$libshutdown$$00000000) refers (Special) to libshutdown2.o(.ARM.Collect$$libshutdown$$00000002) for __rt_lib_shutdown_fini_1
    libshutdown.o(.ARM.Collect$$libshutdown$$00000000) refers (Special) to libshutdown2.o(.ARM.Collect$$libshutdown$$00000009) for __rt_lib_shutdown_fp_trap_1
    libshutdown.o(.ARM.Collect$$libshutdown$$00000000) refers (Special) to libshutdown2.o(.ARM.Collect$$libshutdown$$00000011) for __rt_lib_shutdown_heap_1
    libshutdown.o(.ARM.Collect$$libshutdown$$00000000) refers (Special) to libshutdown2.o(.ARM.Collect$$libshutdown$$00000012) for __rt_lib_shutdown_return
    libshutdown.o(.ARM.Collect$$libshutdown$$00000000) refers (Special) to libshutdown2.o(.ARM.Collect$$libshutdown$$0000000C) for __rt_lib_shutdown_signal_1
    libshutdown.o(.ARM.Collect$$libshutdown$$00000000) refers (Special) to libshutdown2.o(.ARM.Collect$$libshutdown$$00000006) for __rt_lib_shutdown_stdio_1
    libshutdown.o(.ARM.Collect$$libshutdown$$00000000) refers (Special) to libshutdown2.o(.ARM.Collect$$libshutdown$$0000000E) for __rt_lib_shutdown_user_alloc_1
    defsig_abrt_inner.o(.text) refers to defsig_general.o(.text) for __default_signal_display
    defsig_fpe_inner.o(.text) refers to defsig_general.o(.text) for __default_signal_display
    defsig_stak_inner.o(.text) refers to defsig_general.o(.text) for __default_signal_display
    defsig_pvfn_inner.o(.text) refers to defsig_general.o(.text) for __default_signal_display
    defsig_cppl_inner.o(.text) refers to defsig_general.o(.text) for __default_signal_display
    defsig_segv_inner.o(.text) refers to defsig_general.o(.text) for __default_signal_display
    defsig_other.o(.text) refers to defsig_general.o(.text) for __default_signal_display

